A51 MACRO ASSEMBLER  7                                                                    04/27/2021 21:24:16 PAGE     1


MACRO ASSEMBLER A51 V8.02
OBJECT MODULE PLACED IN 7.OBJ
ASSEMBLER INVOKED BY: C:\Keil\C51\BIN\A51.EXE 7.asm SET(SMALL) DEBUG EP

LOC  OBJ            LINE     SOURCE

0000                   1                        ORG 0000H
0000 020030            2                        LJMP START
0030                   3                        ORG 0030H
0030 758950            4     START:     MOV TMOD,#50H;0101,0000
0033 758D00            5                MOV TH1,#0
0036 758B00            6                        MOV TL1,#0
0039 D28E              7                        SETB TR1
003B 858B90            8             LOOP:  MOV P1,TL1
003E 013B              9                    AJMP LOOP
                      10                        END
A51 MACRO ASSEMBLER  7                                                                    04/27/2021 21:24:16 PAGE     2

SYMBOL TABLE LISTING
------ ----- -------


N A M E             T Y P E  V A L U E   ATTRIBUTES

LOOP . . . . . . .  C ADDR   003BH   A   
P1 . . . . . . . .  D ADDR   0090H   A   
START. . . . . . .  C ADDR   0030H   A   
TH1. . . . . . . .  D ADDR   008DH   A   
TL1. . . . . . . .  D ADDR   008BH   A   
TMOD . . . . . . .  D ADDR   0089H   A   
TR1. . . . . . . .  B ADDR   0088H.6 A   


REGISTER BANK(S) USED: 0 


ASSEMBLY COMPLETE.  0 WARNING(S), 0 ERROR(S)
